// Jest Snapshot v1, https://goo.gl/fbAQLP

exports[`[styled-component] Button matches snapshot 1`] = `
.c0 {
  font-size: 1em;
  margin: 1em;
  padding: 0.25em 1em;
  border-radius: 3px;
  border: 2px solid;
}

<button
  class="c0"
/>
`;
